
 -----------------------------------------------
              Py_RESP Version 1.0
 -----------------------------------------------
  second stage of RESP. Peptoid for resp charge calculations
 -----------------------------------------------

 ------------------
 Control Parameters
 ------------------
 nmol        = 1   iqopt       = 2
 ihfree      = 1   irstrnt     = 1
 ioutopt     = 1   ireornt     = 0
 iquad       = 1   qwt         = 0.00100000
 ipol        = 5   igdm        = 1
 exc12       = 0   exc13       = 0
 ipermdip    = 1   pwt         = 0.00100000
 virtual     = 0

 --------------------
 Molecule Information
 --------------------
 Single-molecule run

 Molecule 1 weight:     1.000 
 Molecule 1 name: peptoid
 Total charge (ich):  0
 Number of centers: 22
 Number of permanent dipoles: 42
    1    1   -1   -1
    2    6   -1   -1   -1   -1   -1
    3    1   -1   -1
    4    1   -1   -1
    5    6   -1   -1   -1   -1
    6    8   -1   -1
    7    7   -1   -1   -1   -1
    8    6    0    0    0   16   16
    9    1    0    0
   10    1    9   19
   11    1    9   19
   12    6    0    0    0   23    0
   13    1    0    0
   14    1   13   26
   15    6   -1   -1   -1   -1
   16    8   -1   -1
   17    7   -1   -1   -1   -1
   18    1   -1   -1
   19    6   -1   -1   -1   -1   -1
   20    1   -1   -1
   21    1   -1   -1
   22    1   -1   -1

 -----------------------------
 Atom/Dipole Ivary Information
 -----------------------------
    1   -1   -1
    6   -1   -1   -1   -1   -1
    1   -1   -1
    1   -1   -1
    6   -1   -1   -1   -1
    8   -1   -1
    7   -1   -1   -1   -1
    6    0    0    0   16   16
    1    0    0
    1    9   19
    1    9   19
    6    0    0    0   23    0
    1    0    0
    1   13   26
    6   -1   -1   -1   -1
    8   -1   -1
    7   -1   -1   -1   -1
    1   -1   -1
    6   -1   -1   -1   -1   -1
    1   -1   -1
    1   -1   -1
    1   -1   -1

 -------------------------
 Input Information Summary
 -------------------------
 Total number of atoms      =   22
 Total number of permanent dipoles      =   42
 Weight factor on initial charge restraints=  0.001000
 Weight factor on initial dipole restraints=  0.001000
 There are  1 charge constraints

 Read polarizability and radii information from:
 ../../../polarizability/pGM-pol-2016-09-01
 Assume the units are in a.u.

 --------------------------------------
 Atomic and ESP Coordinates Information
 --------------------------------------
 Reading esp's for molecule   1
 total number of atoms      =    22
 total number of esp points =   983

 center       X               Y               Z
    1   6.6911500E+00  -2.4155300E+00   1.9019460E+00
    2   5.8593940E+00  -6.3711010E-01   1.3550270E+00
    3   7.1693530E+00   3.8731120E-01   1.6170360E-01
    4   5.4836410E+00   4.7919210E-01   3.0292610E+00
    5   3.4325740E+00  -1.2236530E+00  -4.2293720E-02
    6   2.7091160E+00  -3.3915580E+00  -3.5405420E-01
    7   2.1000450E+00   7.8034240E-01  -9.8437610E-01
    8   2.5933670E+00   3.4257410E+00  -3.3520140E-01
    9   4.5896080E+00   3.7505730E+00  -8.2132520E-02
   10   1.9628530E+00   4.6067420E+00  -1.8827110E+00
   11   1.5824870E+00   3.9493260E+00   1.3602580E+00
   12  -3.6201050E-01   2.1964500E-01  -2.0371270E+00
   13  -8.2865300E-01   1.5992500E+00  -3.4771030E+00
   14  -3.0660460E-01  -1.6413580E+00  -2.8683080E+00
   15  -2.4034790E+00   2.7818140E-01   1.9197500E-03
   16  -1.9891920E+00   9.8704980E-01   2.1548800E+00
   17  -4.7025800E+00  -4.7466670E-01  -8.1969090E-01
   18  -4.8996580E+00  -1.1204850E+00  -2.5775100E+00
   19  -6.9003170E+00  -5.3917450E-01   8.5522230E-01
   20  -6.3087580E+00   1.9254090E-01   2.6622220E+00
   21  -8.4140140E+00   6.2202240E-01   1.1308310E-01
   22  -7.5802200E+00  -2.4550250E+00   1.0958760E+00


 ------------------------
 Optimization Information
 ------------------------
 Since iqopt>1,   22 new q0 values and   42 new p0 values will be
 read from file pep_1.chg

 Number of unique UNfrozen charge centers =     4
 Number of unique UNfrozen permanent dipoles =     7

 Non-linear optimization requested.
  qchnge =    3.3898617104E-02
  qchnge =    2.1273469737E-03
  qchnge =    3.4284139733E-05
  qchnge =    4.1232517225E-06
  qchnge =    8.5366621135E-07

 Convergence in    4 iterations

 -----------------------
 Fitting Results Summary
 -----------------------
 molecule 1: peptoid

          Point Charges Before & After Optimization
 atm.no   element.no   q(init)        q(opt)     ivary    d(rstr)/dq
    1         1       -0.005043     -0.005043     -1       0.000000
    2         6        0.014470      0.014470     -1       0.009897
    3         1        0.039507      0.039507     -1       0.000000
    4         1        0.079774      0.079774     -1       0.000000
    5         6        0.288368      0.288368     -1       0.003276
    6         8       -0.417076     -0.417076     -1       0.002332
    7         7       -0.261377     -0.261377     -1       0.003573
    8         6       -0.008855     -0.005420      0       0.009985
    9         1        0.056022      0.043733      0       0.000000
   10         1        0.040183      0.043733      9       0.000000
   11         1        0.032329      0.043733      9       0.000000
   12         6       -0.001046     -0.003069      0       0.009995
   13         1        0.189461      0.165427      0       0.000000
   14         1        0.145467      0.165427     13       0.000000
   15         6        0.138363      0.138363     -1       0.005858
   16         8       -0.330547     -0.330547     -1       0.002896
   17         7       -0.111173     -0.111173     -1       0.006688
   18         1        0.030626      0.030626     -1       0.000000
   19         6       -0.013813     -0.013813     -1       0.009906
   20         1        0.088451      0.088451     -1       0.000000
   21         1        0.001218      0.001218     -1       0.000000
   22         1        0.004692      0.004692     -1       0.000000

 Sum over the calculated charges:     -0.000

       Permanent Dipoles Before & After Optimization
 dip.no   element.no   p(init)        p(opt)     ivary    d(rstr)/dp
    1         1       -0.071541     -0.071541     -1       0.000000
    2         6       -0.056902     -0.056902     -1       0.008691
    3         6        0.036147      0.036147     -1       0.009404
    4         6       -0.016608     -0.016608     -1       0.009865
    5         6        0.031198      0.031198     -1       0.009546
    6         1       -0.054522     -0.054522     -1       0.000000
    7         1       -0.022526     -0.022526     -1       0.000000
    8         6        0.050749      0.050749     -1       0.008917
    9         6       -0.263189     -0.263189     -1       0.003552
   10         6        0.064298      0.064298     -1       0.008411
   11         8        0.327308      0.327308     -1       0.002922
   12         7       -0.019966     -0.019966     -1       0.009806
   13         7        0.026229      0.026229     -1       0.009673
   14         7        0.014175      0.014175     -1       0.009901
   15         6       -0.064212     -0.055424      0       0.008748
   16         6       -0.006398      0.018453      0       0.009834
   17         6        0.020207      0.018453     16       0.009834
   18         6        0.046071      0.018453     16       0.009834
   19         1       -0.068622     -0.062390      0       0.000000
   20         1       -0.060608     -0.062390     19       0.000000
   21         1       -0.035680     -0.062390     19       0.000000
   22         6       -0.043922     -0.056704      0       0.008703
   23         6       -0.004606     -0.021736      0       0.009773
   24         6       -0.053349     -0.021736     23       0.009773
   25         6        0.220596      0.212286      0       0.004259
   26         1        0.033464      0.008724      0       0.000000
   27         1       -0.010401      0.008724     26       0.000000
   28         6        0.049317      0.049317     -1       0.008969
   29         6       -0.172470     -0.172470     -1       0.005016
   30         6        0.061157      0.061157     -1       0.008531
   31         8        0.348319      0.348319     -1       0.002759
   32         7       -0.124787     -0.124787     -1       0.006253
   33         7        0.046028      0.046028     -1       0.009084
   34         7        0.044774      0.044774     -1       0.009127
   35         1       -0.363795     -0.363795     -1       0.000000
   36         6       -0.090966     -0.090966     -1       0.007397
   37         6       -0.082389     -0.082389     -1       0.007718
   38         6        0.105110      0.105110     -1       0.006893
   39         6        0.066966      0.066966     -1       0.008309
   40         1       -0.022508     -0.022508     -1       0.000000
   41         1       -0.049319     -0.049319     -1       0.000000
   42         1       -0.058167     -0.058167     -1       0.000000

 --------------------------
 Fitting Statistics Summary
 --------------------------
 The initial sum of squares  (ssvpot = sum_i(espi**2))          4.4905295E-01
 The residual sum of squares (RSS = sum_i((espi-espclci)**2))   1.7701911E-03
 The root-mean-squared error (RMSE = sqrt(RSS/N))               1.3419407E-03
 The relative RMSE           (RRMSE = sqrt(RSS/ssvpot))         6.2785780E-02

 ---------------------------
 Molecular Multipole Summary
 ---------------------------
 Dipole Moments (Debye):
 #MOL         D          Dx         Dy         Dz
   1        3.86374   -1.20417    2.56383   -2.62778

 Traceless Quadrupole Moments (Debye*Angst.):
 #MOL          X          Y          Z
   1    X   10.62254
        Y    7.77926   -8.07087
        Z    6.03206   -1.40993   -2.55167

 Traceless Quadrupole Moments in Principal Axes (Debye*Angst.):
 #MOL          X          Y          Z
   1    X   15.01121
        Y    0.00000   -2.80109
        Z    0.00000    0.00000  -12.21012