
 -----------------------------------------------
              Py_RESP Version 1.0
 -----------------------------------------------
 test for bis-naphthyl
 -----------------------------------------------

 ------------------
 Control Parameters
 ------------------
 nmol        = 2   iqopt       = 2
 ihfree      = 1   irstrnt     = 1
 ioutopt     = 1   ireornt     = 0
 iquad       = 1   qwt         = 0.00100000

 --------------------
 Molecule Information
 --------------------
 Multiple-molecule run of 2 molecules

 Molecule 1 weight:     1.000
 Molecule 1 Name: naphthyl
 Total charge (ich): -1
 Number of centers: 29
    1    6   -1
    2    6   -1
    3    6   -1
    4    6   -1
    5    6   -1
    6    6   -1
    7    6   -1
    8    6   -1
    9    6   -1
   10    6   -1
   11    1   -1
   12    1   -1
   13    1   -1
   14    1   -1
   15    1   -1
   16    1   -1
   17    1   -1
   18    6    0
   19    6   -1
   20    6   -1
   21    6   -1
   22    8   -1
   23    8   -1
   24    1   -1
   25    1   -1
   26    1   -1
   27    1   -1
   28    1    0
   29    1   28

 Molecule 2 weight:     1.000
 Molecule 2 Name: naphthyl
 Total charge (ich): -1
 Number of centers: 29
   30    6   -1
   31    6   -1
   32    6   -1
   33    6   -1
   34    6   -1
   35    6   -1
   36    6   -1
   37    6   -1
   38    6   -1
   39    6   -1
   40    1   -1
   41    1   -1
   42    1   -1
   43    1   -1
   44    1   -1
   45    1   -1
   46    1   -1
   47    6    0
   48    6   -1
   49    6   -1
   50    6   -1
   51    8   -1
   52    8   -1
   53    1   -1
   54    1   -1
   55    1   -1
   56    1   -1
   57    1    0
   58    1   28

 -------------------------------
 Charges Equivalence Information 
 -------------------------------
    1   18    2   18
    1   28    2   28

 -----------------------------
 Atom Ivary Information
 -----------------------------
    6   -1
    6   -1
    6   -1
    6   -1
    6   -1
    6   -1
    6   -1
    6   -1
    6   -1
    6   -1
    1   -1
    1   -1
    1   -1
    1   -1
    1   -1
    1   -1
    1   -1
    6    0
    6   -1
    6   -1
    6   -1
    8   -1
    8   -1
    1   -1
    1   -1
    1   -1
    1   -1
    1    0
    1   28

    6   -1
    6   -1
    6   -1
    6   -1
    6   -1
    6   -1
    6   -1
    6   -1
    6   -1
    6   -1
    1   -1
    1   -1
    1   -1
    1   -1
    1   -1
    1   -1
    1   -1
    6   18
    6   -1
    6   -1
    6   -1
    8   -1
    8   -1
    1   -1
    1   -1
    1   -1
    1   -1
    1   28
    1   28

 -------------------------
 Input Information Summary
 -------------------------
 Total number of atoms      =   58
 Weight factor on initial charge restraints=  0.001000
 There are  2 charge constraints

 --------------------------------------
 Atomic and ESP Coordinates Information
 --------------------------------------
 Reading esp's for molecule   1
 total number of atoms      =    29
 total number of esp points =  1250

 center       X               Y               Z
    1  -3.4196870E-01  -3.8245240E-01  -2.2379470E-01
    2  -3.0137120E+00  -6.6733250E-01  -1.7237140E-01
    3  -4.1655650E+00  -3.0774580E+00  -4.5241950E-01
    4  -6.7218550E+00  -3.3337600E+00  -4.0980620E-01
    5  -8.2871570E+00  -1.1876780E+00  -8.2104850E-02
    6  -7.2380090E+00   1.1409360E+00   1.9545440E-01
    7  -4.5750250E+00   1.4616850E+00   1.5977450E-01
    8  -3.3997450E+00   3.8559500E+00   4.4761770E-01
    9  -8.4462660E-01   4.0664900E+00   3.9297250E-01
   10   7.6098920E-01   1.9305880E+00   4.8666140E-02
   11   8.0949660E-01  -2.0403480E+00  -4.5754250E-01
   12  -2.9636740E+00  -4.6991780E+00  -6.9257350E-01
   13  -7.5698620E+00  -5.1703360E+00  -6.2116640E-01
   14  -1.0308890E+01  -1.4128860E+00  -5.1018840E-02
   15  -8.4208230E+00   2.7785030E+00   4.4958490E-01
   16  -4.5649300E+00   5.5057230E+00   7.0573740E-01
   17   1.3078800E-02   5.9002260E+00   6.1156470E-01
   18   3.5994910E+00   2.3574250E+00   2.7072230E-02
   19   5.2326990E+00   2.5578210E-01  -1.1285470E+00
   20   7.8846260E+00   1.2812330E+00  -1.6756280E+00
   21   5.4574950E+00  -2.0694230E+00   6.7427150E-01
   22   4.6853510E+00  -4.1020210E+00  -1.7990010E-01
   23   6.3981970E+00  -1.6028000E+00   2.7540580E+00
   24   4.3903760E+00  -3.6916190E-01  -2.8929710E+00
   25   9.0685060E+00  -1.8308430E-01  -2.4959300E+00
   26   8.7740430E+00   1.9007740E+00   6.2340200E-02
   27   7.8358690E+00   2.8633100E+00  -2.9949260E+00
   28   4.2425500E+00   2.6484730E+00   1.9549130E+00
   29   3.9400330E+00   4.1246770E+00  -9.7823600E-01


 Reading esp's for molecule   2
 total number of atoms      =    29
 total number of esp points =  1250

 center       X               Y               Z
    1  -3.4196870E-01  -3.8245240E-01  -2.2379470E-01
    2  -3.0137120E+00  -6.6733250E-01  -1.7237140E-01
    3  -4.1655650E+00  -3.0774580E+00  -4.5241950E-01
    4  -6.7218550E+00  -3.3337600E+00  -4.0980620E-01
    5  -8.2871570E+00  -1.1876780E+00  -8.2104850E-02
    6  -7.2380090E+00   1.1409360E+00   1.9545440E-01
    7  -4.5750250E+00   1.4616850E+00   1.5977450E-01
    8  -3.3997450E+00   3.8559500E+00   4.4761770E-01
    9  -8.4462660E-01   4.0664900E+00   3.9297250E-01
   10   7.6098920E-01   1.9305880E+00   4.8666140E-02
   11   8.0949660E-01  -2.0403480E+00  -4.5754250E-01
   12  -2.9636740E+00  -4.6991780E+00  -6.9257350E-01
   13  -7.5698620E+00  -5.1703360E+00  -6.2116640E-01
   14  -1.0308890E+01  -1.4128860E+00  -5.1018840E-02
   15  -8.4208230E+00   2.7785030E+00   4.4958490E-01
   16  -4.5649300E+00   5.5057230E+00   7.0573740E-01
   17   1.3078800E-02   5.9002260E+00   6.1156470E-01
   18   3.5994910E+00   2.3574250E+00   2.7072230E-02
   19   5.2326990E+00   2.5578210E-01  -1.1285470E+00
   20   7.8846260E+00   1.2812330E+00  -1.6756280E+00
   21   5.4574950E+00  -2.0694230E+00   6.7427150E-01
   22   4.6853510E+00  -4.1020210E+00  -1.7990010E-01
   23   6.3981970E+00  -1.6028000E+00   2.7540580E+00
   24   4.3903760E+00  -3.6916190E-01  -2.8929710E+00
   25   9.0685060E+00  -1.8308430E-01  -2.4959300E+00
   26   8.7740430E+00   1.9007740E+00   6.2340200E-02
   27   7.8358690E+00   2.8633100E+00  -2.9949260E+00
   28   4.2425500E+00   2.6484730E+00   1.9549130E+00
   29   3.9400330E+00   4.1246770E+00  -9.7823600E-01


 ------------------------
 Optimization Information
 ------------------------
 Since iqopt>1,   58 new q0 values will be read from file
 bis_1.chg

 Number of unique UNfrozen charge centers =     2

 Non-linear optimization requested.
  qchnge =    3.7579058297E-02
  qchnge =    3.5825419515E-05
  qchnge =    9.1048619692E-08

 Convergence in    2 iterations

 -----------------------
 Fitting Results Summary
 -----------------------
 molecule 1: naphthyl
 molecule 2: naphthyl

          Point Charges Before & After Optimization
 atm.no   element.no   q(init)        q(opt)     ivary    d(rstr)/dq
    1         6       -0.156000     -0.156000     -1       0.005397
    2         6        0.098561      0.098561     -1       0.007122
    3         6       -0.187706     -0.187706     -1       0.004702
    4         6       -0.180050     -0.180050     -1       0.004855
    5         6       -0.149386     -0.149386     -1       0.005563
    6         6       -0.229017     -0.229017     -1       0.004002
    7         6        0.167819      0.167819     -1       0.005119
    8         6       -0.308929     -0.308929     -1       0.003080
    9         6       -0.130150     -0.130150     -1       0.006093
   10         6       -0.016849     -0.016849     -1       0.009861
   11         1        0.126570      0.126570     -1       0.000000
   12         1        0.157683      0.157683     -1       0.000000
   13         1        0.128135      0.128135     -1       0.000000
   14         1        0.121828      0.121828     -1       0.000000
   15         1        0.127907      0.127907     -1       0.000000
   16         1        0.148912      0.148912     -1       0.000000
   17         1        0.112724      0.112724     -1       0.000000
   18         6        0.027239      0.023193      0       0.009741
   19         6        0.133286      0.133286     -1       0.006001
   20         6       -0.194642     -0.194642     -1       0.004570
   21         6        0.778097      0.778097     -1       0.001275
   22         8       -0.795162     -0.795162     -1       0.001248
   23         8       -0.795162     -0.795162     -1       0.001248
   24         1       -0.073738     -0.073738     -1       0.000000
   25         1        0.042494      0.042494     -1       0.000000
   26         1        0.030496      0.030496     -1       0.000000
   27         1       -0.002008     -0.002008     -1       0.000000
   28         1        0.031980      0.010546      0       0.000000
   29         1       -0.014934      0.010546     28       0.000000

   30         6       -0.156000     -0.156000     -1       0.005397
   31         6        0.098561      0.098561     -1       0.007122
   32         6       -0.187706     -0.187706     -1       0.004702
   33         6       -0.180050     -0.180050     -1       0.004855
   34         6       -0.149386     -0.149386     -1       0.005563
   35         6       -0.229017     -0.229017     -1       0.004002
   36         6        0.167819      0.167819     -1       0.005119
   37         6       -0.308929     -0.308929     -1       0.003080
   38         6       -0.130150     -0.130150     -1       0.006093
   39         6       -0.016849     -0.016849     -1       0.009861
   40         1        0.126570      0.126570     -1       0.000000
   41         1        0.157683      0.157683     -1       0.000000
   42         1        0.128135      0.128135     -1       0.000000
   43         1        0.121828      0.121828     -1       0.000000
   44         1        0.127907      0.127907     -1       0.000000
   45         1        0.148912      0.148912     -1       0.000000
   46         1        0.112724      0.112724     -1       0.000000
   47         6        0.027239      0.023193     18       0.009741
   48         6        0.133286      0.133286     -1       0.006001
   49         6       -0.194642     -0.194642     -1       0.004570
   50         6        0.778097      0.778097     -1       0.001275
   51         8       -0.795162     -0.795162     -1       0.001248
   52         8       -0.795162     -0.795162     -1       0.001248
   53         1       -0.073738     -0.073738     -1       0.000000
   54         1        0.042494      0.042494     -1       0.000000
   55         1        0.030496      0.030496     -1       0.000000
   56         1       -0.002008     -0.002008     -1       0.000000
   57         1        0.031980      0.010546     28       0.000000
   58         1       -0.014934      0.010546     28       0.000000

 Sum over the calculated charges:     -2.000

 --------------------------
 Fitting Statistics Summary
 --------------------------
 The initial sum of squares  (ssvpot = sum_i(espi**2))          3.2877896E+01
 The residual sum of squares (RSS = sum_i((espi-espclci)**2))   7.4074919E-03
 The root-mean-squared error (RMSE = sqrt(RSS/N))               1.7213358E-03
 The relative RMSE           (RRMSE = sqrt(RSS/ssvpot))         1.5010100E-02

 ---------------------------
 Molecular Multipole Summary
 ---------------------------
 Dipole Moments (Debye):
 #MOL         D          Dx         Dy         Dz
   1       12.91585  -10.78518    6.34229   -3.20538
 #MOL         D          Dx         Dy         Dz
   2       12.91585  -10.78518    6.34229   -3.20538

 Traceless Quadrupole Moments (Debye*Angst.):
 #MOL          X          Y          Z
   1    X  -21.00723
        Y   18.04771   10.98772
        Z  -11.86836    4.18330   10.01951
 #MOL          X          Y          Z
   2    X  -21.00723
        Y   18.04771   10.98772
        Z  -11.86836    4.18330   10.01951

 Traceless Quadrupole Moments in Principal Axes (Debye*Angst.):
 #MOL          X          Y          Z
   1    X   19.29200
        Y    0.00000   13.50899
        Z    0.00000    0.00000  -32.80100
 #MOL          X          Y          Z
   2    X   19.29200
        Y    0.00000   13.50899
        Z    0.00000    0.00000  -32.80100