
 -----------------------------------------------
              Py_RESP Version 1.0
 -----------------------------------------------
 test for bis-naphthyl
 -----------------------------------------------

 ------------------
 Control Parameters
 ------------------
 nmol        = 2   iqopt       = 2
 ihfree      = 1   irstrnt     = 1
 ioutopt     = 1   ireornt     = 0
 iquad       = 1   qwt         = 0.00100000
 ipol        = 5   igdm        = 1
 exc12       = 0   exc13       = 0

 --------------------
 Molecule Information
 --------------------
 Multiple-molecule run of 2 molecules

 Molecule 1 weight:     1.000
 Molecule 1 Name: naphthyl
 Total charge (ich): -1
 Number of centers: 29
    1    6   -1
    2    6   -1
    3    6   -1
    4    6   -1
    5    6   -1
    6    6   -1
    7    6   -1
    8    6   -1
    9    6   -1
   10    6   -1
   11    1   -1
   12    1   -1
   13    1   -1
   14    1   -1
   15    1   -1
   16    1   -1
   17    1   -1
   18    6    0
   19    6   -1
   20    6   -1
   21    6   -1
   22    8   -1
   23    8   -1
   24    1   -1
   25    1   -1
   26    1   -1
   27    1   -1
   28    1    0
   29    1   28

 Molecule 2 weight:     1.000
 Molecule 2 Name: naphthyl
 Total charge (ich): -1
 Number of centers: 29
   30    6   -1
   31    6   -1
   32    6   -1
   33    6   -1
   34    6   -1
   35    6   -1
   36    6   -1
   37    6   -1
   38    6   -1
   39    6   -1
   40    1   -1
   41    1   -1
   42    1   -1
   43    1   -1
   44    1   -1
   45    1   -1
   46    1   -1
   47    6    0
   48    6   -1
   49    6   -1
   50    6   -1
   51    8   -1
   52    8   -1
   53    1   -1
   54    1   -1
   55    1   -1
   56    1   -1
   57    1    0
   58    1   28

 -------------------------------
 Charges Equivalence Information 
 -------------------------------
    1   18    2   18
    1   28    2   28

 -----------------------------
 Atom Ivary Information
 -----------------------------
    6   -1
    6   -1
    6   -1
    6   -1
    6   -1
    6   -1
    6   -1
    6   -1
    6   -1
    6   -1
    1   -1
    1   -1
    1   -1
    1   -1
    1   -1
    1   -1
    1   -1
    6    0
    6   -1
    6   -1
    6   -1
    8   -1
    8   -1
    1   -1
    1   -1
    1   -1
    1   -1
    1    0
    1   28

    6   -1
    6   -1
    6   -1
    6   -1
    6   -1
    6   -1
    6   -1
    6   -1
    6   -1
    6   -1
    1   -1
    1   -1
    1   -1
    1   -1
    1   -1
    1   -1
    1   -1
    6   18
    6   -1
    6   -1
    6   -1
    8   -1
    8   -1
    1   -1
    1   -1
    1   -1
    1   -1
    1   28
    1   28

 -------------------------
 Input Information Summary
 -------------------------
 Total number of atoms      =   58
 Weight factor on initial charge restraints=  0.001000
 There are  2 charge constraints

 Read polarizability and radii information from:
 ../../../polarizability/pGM-pol-2016-09-01
 Assume the units are in a.u.

 --------------------------------------
 Atomic and ESP Coordinates Information
 --------------------------------------
 Reading esp's for molecule   1
 total number of atoms      =    29
 total number of esp points =  1250

 center       X               Y               Z
    1  -3.4196870E-01  -3.8245240E-01  -2.2379470E-01
    2  -3.0137120E+00  -6.6733250E-01  -1.7237140E-01
    3  -4.1655650E+00  -3.0774580E+00  -4.5241950E-01
    4  -6.7218550E+00  -3.3337600E+00  -4.0980620E-01
    5  -8.2871570E+00  -1.1876780E+00  -8.2104850E-02
    6  -7.2380090E+00   1.1409360E+00   1.9545440E-01
    7  -4.5750250E+00   1.4616850E+00   1.5977450E-01
    8  -3.3997450E+00   3.8559500E+00   4.4761770E-01
    9  -8.4462660E-01   4.0664900E+00   3.9297250E-01
   10   7.6098920E-01   1.9305880E+00   4.8666140E-02
   11   8.0949660E-01  -2.0403480E+00  -4.5754250E-01
   12  -2.9636740E+00  -4.6991780E+00  -6.9257350E-01
   13  -7.5698620E+00  -5.1703360E+00  -6.2116640E-01
   14  -1.0308890E+01  -1.4128860E+00  -5.1018840E-02
   15  -8.4208230E+00   2.7785030E+00   4.4958490E-01
   16  -4.5649300E+00   5.5057230E+00   7.0573740E-01
   17   1.3078800E-02   5.9002260E+00   6.1156470E-01
   18   3.5994910E+00   2.3574250E+00   2.7072230E-02
   19   5.2326990E+00   2.5578210E-01  -1.1285470E+00
   20   7.8846260E+00   1.2812330E+00  -1.6756280E+00
   21   5.4574950E+00  -2.0694230E+00   6.7427150E-01
   22   4.6853510E+00  -4.1020210E+00  -1.7990010E-01
   23   6.3981970E+00  -1.6028000E+00   2.7540580E+00
   24   4.3903760E+00  -3.6916190E-01  -2.8929710E+00
   25   9.0685060E+00  -1.8308430E-01  -2.4959300E+00
   26   8.7740430E+00   1.9007740E+00   6.2340200E-02
   27   7.8358690E+00   2.8633100E+00  -2.9949260E+00
   28   4.2425500E+00   2.6484730E+00   1.9549130E+00
   29   3.9400330E+00   4.1246770E+00  -9.7823600E-01


 Reading esp's for molecule   2
 total number of atoms      =    29
 total number of esp points =  1250

 center       X               Y               Z
    1  -3.4196870E-01  -3.8245240E-01  -2.2379470E-01
    2  -3.0137120E+00  -6.6733250E-01  -1.7237140E-01
    3  -4.1655650E+00  -3.0774580E+00  -4.5241950E-01
    4  -6.7218550E+00  -3.3337600E+00  -4.0980620E-01
    5  -8.2871570E+00  -1.1876780E+00  -8.2104850E-02
    6  -7.2380090E+00   1.1409360E+00   1.9545440E-01
    7  -4.5750250E+00   1.4616850E+00   1.5977450E-01
    8  -3.3997450E+00   3.8559500E+00   4.4761770E-01
    9  -8.4462660E-01   4.0664900E+00   3.9297250E-01
   10   7.6098920E-01   1.9305880E+00   4.8666140E-02
   11   8.0949660E-01  -2.0403480E+00  -4.5754250E-01
   12  -2.9636740E+00  -4.6991780E+00  -6.9257350E-01
   13  -7.5698620E+00  -5.1703360E+00  -6.2116640E-01
   14  -1.0308890E+01  -1.4128860E+00  -5.1018840E-02
   15  -8.4208230E+00   2.7785030E+00   4.4958490E-01
   16  -4.5649300E+00   5.5057230E+00   7.0573740E-01
   17   1.3078800E-02   5.9002260E+00   6.1156470E-01
   18   3.5994910E+00   2.3574250E+00   2.7072230E-02
   19   5.2326990E+00   2.5578210E-01  -1.1285470E+00
   20   7.8846260E+00   1.2812330E+00  -1.6756280E+00
   21   5.4574950E+00  -2.0694230E+00   6.7427150E-01
   22   4.6853510E+00  -4.1020210E+00  -1.7990010E-01
   23   6.3981970E+00  -1.6028000E+00   2.7540580E+00
   24   4.3903760E+00  -3.6916190E-01  -2.8929710E+00
   25   9.0685060E+00  -1.8308430E-01  -2.4959300E+00
   26   8.7740430E+00   1.9007740E+00   6.2340200E-02
   27   7.8358690E+00   2.8633100E+00  -2.9949260E+00
   28   4.2425500E+00   2.6484730E+00   1.9549130E+00
   29   3.9400330E+00   4.1246770E+00  -9.7823600E-01


 ------------------------
 Optimization Information
 ------------------------
 Since iqopt>1,   58 new q0 values will be read from file
 bis_1.chg

 Number of unique UNfrozen charge centers =     2

 Non-linear optimization requested.
  qchnge =    4.2099601129E-02
  qchnge =    4.3772955199E-06
  qchnge =    2.6466135988E-11

 Convergence in    2 iterations

 -----------------------
 Fitting Results Summary
 -----------------------
 molecule 1: naphthyl
 molecule 2: naphthyl

          Point Charges Before & After Optimization
 atm.no   element.no   q(init)        q(opt)     ivary    d(rstr)/dq
    1         6       -0.103455     -0.103455     -1       0.006950
    2         6       -0.053476     -0.053476     -1       0.008818
    3         6       -0.153513     -0.153513     -1       0.005458
    4         6       -0.405620     -0.405620     -1       0.002394
    5         6       -0.387304     -0.387304     -1       0.002500
    6         6       -0.149728     -0.149728     -1       0.005554
    7         6       -0.064074     -0.064074     -1       0.008420
    8         6       -0.310554     -0.310554     -1       0.003065
    9         6       -0.290009     -0.290009     -1       0.003260
   10         6       -0.083608     -0.083608     -1       0.007672
   11         1        0.173717      0.173717     -1       0.000000
   12         1        0.265245      0.265245     -1       0.000000
   13         1        0.292140      0.292140     -1       0.000000
   14         1        0.296453      0.296453     -1       0.000000
   15         1        0.279126      0.279126     -1       0.000000
   16         1        0.269515      0.269515     -1       0.000000
   17         1        0.250607      0.250607     -1       0.000000
   18         6       -0.002271     -0.000562      0       0.010000
   19         6        0.429793      0.429793     -1       0.002266
   20         6       -0.215198     -0.215198     -1       0.004214
   21         6        0.396354      0.396354     -1       0.002446
   22         8       -0.870653     -0.870653     -1       0.001141
   23         8       -0.870653     -0.870653     -1       0.001141
   24         1       -0.030104     -0.030104     -1       0.000000
   25         1        0.072416      0.072416     -1       0.000000
   26         1        0.044416      0.044416     -1       0.000000
   27         1        0.070997      0.070997     -1       0.000000
   28         1        0.058334      0.073865      0       0.000000
   29         1        0.091104      0.073865     28       0.000000

   30         6       -0.103455     -0.103455     -1       0.006950
   31         6       -0.053476     -0.053476     -1       0.008818
   32         6       -0.153513     -0.153513     -1       0.005458
   33         6       -0.405620     -0.405620     -1       0.002394
   34         6       -0.387304     -0.387304     -1       0.002500
   35         6       -0.149728     -0.149728     -1       0.005554
   36         6       -0.064074     -0.064074     -1       0.008420
   37         6       -0.310554     -0.310554     -1       0.003065
   38         6       -0.290009     -0.290009     -1       0.003260
   39         6       -0.083608     -0.083608     -1       0.007672
   40         1        0.173717      0.173717     -1       0.000000
   41         1        0.265245      0.265245     -1       0.000000
   42         1        0.292140      0.292140     -1       0.000000
   43         1        0.296453      0.296453     -1       0.000000
   44         1        0.279126      0.279126     -1       0.000000
   45         1        0.269515      0.269515     -1       0.000000
   46         1        0.250607      0.250607     -1       0.000000
   47         6       -0.002271     -0.000562     18       0.010000
   48         6        0.429793      0.429793     -1       0.002266
   49         6       -0.215198     -0.215198     -1       0.004214
   50         6        0.396354      0.396354     -1       0.002446
   51         8       -0.870653     -0.870653     -1       0.001141
   52         8       -0.870653     -0.870653     -1       0.001141
   53         1       -0.030104     -0.030104     -1       0.000000
   54         1        0.072416      0.072416     -1       0.000000
   55         1        0.044416      0.044416     -1       0.000000
   56         1        0.070997      0.070997     -1       0.000000
   57         1        0.058334      0.073865     28       0.000000
   58         1        0.091104      0.073865     28       0.000000

 Sum over the calculated charges:     -2.000

 --------------------------
 Fitting Statistics Summary
 --------------------------
 The initial sum of squares  (ssvpot = sum_i(espi**2))          3.2877896E+01
 The residual sum of squares (RSS = sum_i((espi-espclci)**2))   9.3391958E-03
 The root-mean-squared error (RMSE = sqrt(RSS/N))               1.9327903E-03
 The relative RMSE           (RRMSE = sqrt(RSS/ssvpot))         1.6853990E-02

 ---------------------------
 Molecular Multipole Summary
 ---------------------------
 Dipole Moments (Debye):
 #MOL         D          Dx         Dy         Dz
   1       12.86340  -10.93276    6.15456   -2.83956
 #MOL         D          Dx         Dy         Dz
   2       12.86340  -10.93276    6.15456   -2.83956

 Traceless Quadrupole Moments (Debye*Angst.):
 #MOL          X          Y          Z
   1    X  -21.08616
        Y   17.61284   10.89822
        Z  -11.55289    4.39465   10.18794
 #MOL          X          Y          Z
   2    X  -21.08616
        Y   17.61284   10.89822
        Z  -11.55289    4.39465   10.18794

 Traceless Quadrupole Moments in Principal Axes (Debye*Angst.):
 #MOL          X          Y          Z
   1    X   18.77642
        Y    0.00000   13.68070
        Z    0.00000    0.00000  -32.45712
 #MOL          X          Y          Z
   2    X   18.77642
        Y    0.00000   13.68070
        Z    0.00000    0.00000  -32.45712