
 -----------------------------------------------
              Py_RESP Version 1.0
 -----------------------------------------------
  first stage of RESP. Peptoid for resp charge calculations
 -----------------------------------------------

 ------------------
 Control Parameters
 ------------------
 nmol        = 1   iqopt       = 1
 ihfree      = 1   irstrnt     = 1
 ioutopt     = 1   ireornt     = 0
 iquad       = 1   qwt         = 0.00050000

 --------------------
 Molecule Information
 --------------------
 Single-molecule run

 Molecule 1 weight:     1.000 
 Molecule 1 name:  peptoid
 Total charge (ich):  0
 Number of centers: 22
    1    1    0
    2    6    0
    3    1    0
    4    1    0
    5    6    0
    6    8    0
    7    7    0
    8    6    0
    9    1    0
   10    1    0
   11    1    0
   12    6    0
   13    1    0
   14    1    0
   15    6    0
   16    8    0
   17    7    0
   18    1    0
   19    6    0
   20    1    0
   21    1    0
   22    1    0
 ---------------------------------------------------------
 Intra-Molecular Charge Constraint(s) Info for Molecule 1
 ---------------------------------------------------------
    1    1    1    2    1    3    1    4    1    5    1    6
    1   17    1   18    1   19    1   20    1   21    1   22
    1   15
    1   16

 -----------------------------
 Atom Ivary Information
 -----------------------------
    1    0
    6    0
    1    0
    1    0
    6    0
    8    0
    7    0
    6    0
    1    0
    1    0
    1    0
    6    0
    1    0
    1    0
    6    0
    8    0
    7    0
    1    0
    6    0
    1    0
    1    0
    1    0

 -------------------------
 Input Information Summary
 -------------------------
 Total number of atoms      =   22
 Weight factor on initial charge restraints=  0.000500
 There are  5 charge constraints

 --------------------------------------
 Atomic and ESP Coordinates Information
 --------------------------------------
 Reading esp's for molecule   1
 total number of atoms      =    22
 total number of esp points =   983

 center       X               Y               Z
    1   6.6911500E+00  -2.4155300E+00   1.9019460E+00
    2   5.8593940E+00  -6.3711010E-01   1.3550270E+00
    3   7.1693530E+00   3.8731120E-01   1.6170360E-01
    4   5.4836410E+00   4.7919210E-01   3.0292610E+00
    5   3.4325740E+00  -1.2236530E+00  -4.2293720E-02
    6   2.7091160E+00  -3.3915580E+00  -3.5405420E-01
    7   2.1000450E+00   7.8034240E-01  -9.8437610E-01
    8   2.5933670E+00   3.4257410E+00  -3.3520140E-01
    9   4.5896080E+00   3.7505730E+00  -8.2132520E-02
   10   1.9628530E+00   4.6067420E+00  -1.8827110E+00
   11   1.5824870E+00   3.9493260E+00   1.3602580E+00
   12  -3.6201050E-01   2.1964500E-01  -2.0371270E+00
   13  -8.2865300E-01   1.5992500E+00  -3.4771030E+00
   14  -3.0660460E-01  -1.6413580E+00  -2.8683080E+00
   15  -2.4034790E+00   2.7818140E-01   1.9197500E-03
   16  -1.9891920E+00   9.8704980E-01   2.1548800E+00
   17  -4.7025800E+00  -4.7466670E-01  -8.1969090E-01
   18  -4.8996580E+00  -1.1204850E+00  -2.5775100E+00
   19  -6.9003170E+00  -5.3917450E-01   8.5522230E-01
   20  -6.3087580E+00   1.9254090E-01   2.6622220E+00
   21  -8.4140140E+00   6.2202240E-01   1.1308310E-01
   22  -7.5802200E+00  -2.4550250E+00   1.0958760E+00


 ------------------------
 Optimization Information
 ------------------------
 iqopt=1, all q0 values will be set to 0

 Number of unique UNfrozen charge centers =    22

 Non-linear optimization requested.
  qchnge =    6.3699159712E-02
  qchnge =    4.8930874080E-03
  qchnge =    1.3743329680E-03
  qchnge =    4.5852466213E-04
  qchnge =    1.6058413222E-04
  qchnge =    5.7368881434E-05
  qchnge =    2.0703087852E-05
  qchnge =    7.5164643889E-06
  qchnge =    2.7399129961E-06
  qchnge =    1.0016009279E-06
  qchnge =    3.6690397309E-07

 Convergence in   10 iterations

 -----------------------
 Fitting Results Summary
 -----------------------
 molecule 1:  peptoid

          Point Charges Before & After Optimization
 atm.no   element.no   q(init)        q(opt)     ivary    d(rstr)/dq
    1         1        0.000000      0.065743      0       0.000000
    2         6        0.000000     -0.172388      0       0.002509
    3         1        0.000000      0.053876      0       0.000000
    4         1        0.000000      0.079996      0       0.000000
    5         6        0.000000      0.547132      0       0.000899
    6         8        0.000000     -0.574360      0       0.000858
    7         7        0.000000     -0.211399      0       0.002138
    8         6        0.000000     -0.225495      0       0.002027
    9         1        0.000000      0.092440      0       0.000000
   10         1        0.000000      0.104017      0       0.000000
   11         1        0.000000      0.121893      0       0.000000
   12         6        0.000000     -0.004004      0       0.004996
   13         1        0.000000      0.033708      0       0.000000
   14         1        0.000000      0.059439      0       0.000000
   15         6        0.000000      0.597300      0       0.000826
   16         8        0.000000     -0.567900      0       0.000867
   17         7        0.000000     -0.464377      0       0.001053
   18         1        0.000000      0.295795      0       0.000000
   19         6        0.000000     -0.025108      0       0.004849
   20         1        0.000000      0.097916      0       0.000000
   21         1        0.000000      0.039986      0       0.000000
   22         1        0.000000      0.055789      0       0.000000

 Sum over the calculated charges:     -0.000

 --------------------------
 Fitting Statistics Summary
 --------------------------
 The initial sum of squares  (ssvpot = sum_i(espi**2))          4.4905295E-01
 The residual sum of squares (RSS = sum_i((espi-espclci)**2))   3.0319327E-03
 The root-mean-squared error (RMSE = sqrt(RSS/N))               1.7562366E-03
 The relative RMSE           (RRMSE = sqrt(RSS/ssvpot))         8.2169567E-02

 ---------------------------
 Molecular Multipole Summary
 ---------------------------
 Dipole Moments (Debye):
 #MOL         D          Dx         Dy         Dz
   1        3.83995   -1.14527    2.61522   -2.56791

 Traceless Quadrupole Moments (Debye*Angst.):
 #MOL          X          Y          Z
   1    X   10.64504
        Y    7.75947   -8.04567
        Z    5.82756   -1.44579   -2.59938

 Traceless Quadrupole Moments in Principal Axes (Debye*Angst.):
 #MOL          X          Y          Z
   1    X   14.90523
        Y    0.00000   -2.75805
        Z    0.00000    0.00000  -12.14718